[demo.bootstrapdash.com/majestic-free/template/index.html]
[backblue.gif]
[fade.gif]
[index.html]
[demo.bootstrapdash.com/majestic-free/template/vendors/mdi/css/materialdesignicons.min.css]
[demo.bootstrapdash.com/majestic-free/template/vendors/base/vendor.bundle.base.css]
[demo.bootstrapdash.com/majestic-free/template/vendors/datatables.net-bs4/dataTables.bootstrap4.css]
[demo.bootstrapdash.com/majestic-free/template/css/style.css]
[demo.bootstrapdash.com/majestic-free/template/images/favicon.png]
[demo.bootstrapdash.com/majestic-free/template/images/logo.svg]
[demo.bootstrapdash.com/majestic-free/template/images/logo-mini.svg]
[demo.bootstrapdash.com/majestic-free/template/images/faces/face4.jpg]
[demo.bootstrapdash.com/majestic-free/template/images/faces/face2.jpg]
[demo.bootstrapdash.com/majestic-free/template/images/faces/face3.jpg]
[demo.bootstrapdash.com/majestic-free/template/images/faces/face5.jpg]
[demo.bootstrapdash.com/majestic-free/template/pages/ui-features/buttons.html]
[demo.bootstrapdash.com/majestic-free/template/pages/ui-features/typography.html]
[demo.bootstrapdash.com/majestic-free/template/pages/forms/basic_elements.html]
[demo.bootstrapdash.com/majestic-free/template/pages/charts/chartjs.html]
[demo.bootstrapdash.com/majestic-free/template/pages/tables/basic-table.html]
[demo.bootstrapdash.com/majestic-free/template/pages/icons/mdi.html]
[demo.bootstrapdash.com/majestic-free/template/pages/samples/login.html]
[demo.bootstrapdash.com/majestic-free/template/pages/samples/login-2.html]
[demo.bootstrapdash.com/majestic-free/template/pages/samples/register.html]
[demo.bootstrapdash.com/majestic-free/template/pages/samples/register-2.html]
[demo.bootstrapdash.com/majestic-free/template/pages/samples/lock-screen.html]
[demo.bootstrapdash.com/majestic-free/template/documentation/documentation.html]
[demo.bootstrapdash.com/majestic-free/template/vendors/base/vendor.bundle.base.js]
[demo.bootstrapdash.com/majestic-free/template/vendors/chart.js/Chart.min.js]
[demo.bootstrapdash.com/majestic-free/template/vendors/datatables.net/jquery.dataTables.js]
[demo.bootstrapdash.com/majestic-free/template/vendors/datatables.net-bs4/dataTables.bootstrap4.js]
[demo.bootstrapdash.com/majestic-free/template/js/off-canvas.js]
[demo.bootstrapdash.com/majestic-free/template/js/hoverable-collapse.js]
[demo.bootstrapdash.com/majestic-free/template/js/template.js]
[demo.bootstrapdash.com/majestic-free/template/js/dashboard.js]
[demo.bootstrapdash.com/majestic-free/template/js/data-table.js]
[demo.bootstrapdash.com/majestic-free/template/js/dataTables.bootstrap4.js]
[demo.bootstrapdash.com/majestic-free/template/js/jquery.dataTables.js]
[demo.bootstrapdash.com/majestic-free/template/index.html]
[demo.bootstrapdash.com/majestic-free/template/js/jquery.cookie.js]
[demo.bootstrapdash.com/majestic-free/template/vendors/mdi/fonts/materialdesignicons-webfont3b9f.eot]
[demo.bootstrapdash.com/majestic-free/template/vendors/mdi/fonts/materialdesignicons-webfont3b9f.woff2]
[demo.bootstrapdash.com/majestic-free/template/vendors/mdi/fonts/materialdesignicons-webfont3b9f.woff]
[demo.bootstrapdash.com/majestic-free/template/vendors/mdi/fonts/materialdesignicons-webfontd41d.eot]
[demo.bootstrapdash.com/majestic-free/template/vendors/mdi/fonts/materialdesignicons-webfont3b9f.ttf]
[demo.bootstrapdash.com/majestic-free/template/vendors/mdi/css/materialdesignicons.min.css]
[demo.bootstrapdash.com/majestic-free/template/vendors/base/vendor.bundle.base.css]
[www.datatables.net/examples/resources/details_open.png]
[www.datatables.net/examples/resources/details_close.png]
[demo.bootstrapdash.com/majestic-free/template/vendors/datatables.net-bs4/dataTables.bootstrap4.css]
[demo.bootstrapdash.com/majestic-free/template/fonts/Roboto/Roboto-Lightd41d.eot]
[demo.bootstrapdash.com/majestic-free/template/fonts/Roboto/Roboto-Light.eot]
[demo.bootstrapdash.com/majestic-free/template/fonts/Roboto/Roboto-Light.woff2]
[demo.bootstrapdash.com/majestic-free/template/fonts/Roboto/Roboto-Light.woff]
[demo.bootstrapdash.com/majestic-free/template/fonts/Roboto/Roboto-Light.ttf]
[demo.bootstrapdash.com/majestic-free/template/fonts/Roboto/Roboto-Bold.eot]
[demo.bootstrapdash.com/majestic-free/template/fonts/Roboto/Roboto-Boldd41d.eot]
[demo.bootstrapdash.com/majestic-free/template/fonts/Roboto/Roboto-Bold.woff2]
[demo.bootstrapdash.com/majestic-free/template/fonts/Roboto/Roboto-Bold.woff]
[demo.bootstrapdash.com/majestic-free/template/fonts/Roboto/Roboto-Bold.ttf]
[demo.bootstrapdash.com/majestic-free/template/fonts/Roboto/Roboto-Medium.eot]
[demo.bootstrapdash.com/majestic-free/template/fonts/Roboto/Roboto-Medium.woff2]
[demo.bootstrapdash.com/majestic-free/template/fonts/Roboto/Roboto-Mediumd41d.eot]
[demo.bootstrapdash.com/majestic-free/template/fonts/Roboto/Roboto-Medium.woff]
[demo.bootstrapdash.com/majestic-free/template/fonts/Roboto/Roboto-Medium.ttf]
[demo.bootstrapdash.com/majestic-free/template/fonts/Roboto/Roboto-Regular.eot]
[demo.bootstrapdash.com/majestic-free/template/fonts/Roboto/Roboto-Regular.woff2]
[demo.bootstrapdash.com/majestic-free/template/fonts/Roboto/Roboto-Regulard41d.eot]
[demo.bootstrapdash.com/majestic-free/template/fonts/Roboto/Roboto-Regular.woff]
[demo.bootstrapdash.com/majestic-free/template/fonts/Roboto/Roboto-Regular.ttf]
[demo.bootstrapdash.com/majestic-free/template/fonts/Roboto/Roboto-Black.eot]
[demo.bootstrapdash.com/majestic-free/template/fonts/Roboto/Roboto-Blackd41d.eot]
[demo.bootstrapdash.com/majestic-free/template/fonts/Roboto/Roboto-Black.woff2]
[demo.bootstrapdash.com/majestic-free/template/fonts/Roboto/Roboto-Black.woff]
[demo.bootstrapdash.com/majestic-free/template/fonts/Roboto/Roboto-Black.ttf]
[demo.bootstrapdash.com/majestic-free/template/images/auth/login-bg.jpg]
[demo.bootstrapdash.com/majestic-free/template/images/auth/register-bg.jpg]
[demo.bootstrapdash.com/majestic-free/template/images/auth/lockscreen-bg.jpg]
[demo.bootstrapdash.com/majestic-free/template/css/style.css]
[demo.bootstrapdash.com/majestic-free/template/images/logo.svg]
[demo.bootstrapdash.com/majestic-free/template/images/logo-mini.svg]
[demo.bootstrapdash.com/majestic-free/template/pages/ui-features/buttons.html]
[demo.bootstrapdash.com/majestic-free/template/pages/ui-features/typography.html]
[demo.bootstrapdash.com/majestic-free/template/pages/forms/basic_elements.html]
[demo.bootstrapdash.com/majestic-free/template/js/file-upload.js]
[demo.bootstrapdash.com/majestic-free/template/pages/charts/chartjs.html]
[demo.bootstrapdash.com/majestic-free/template/js/chart.js]
[demo.bootstrapdash.com/majestic-free/template/images/faces/face1.jpg]
[demo.bootstrapdash.com/majestic-free/template/images/faces/face6.jpg]
[demo.bootstrapdash.com/majestic-free/template/images/faces/face7.jpg]
[demo.bootstrapdash.com/majestic-free/template/pages/tables/basic-table.html]
[demo.bootstrapdash.com/majestic-free/template/pages/icons/mdi.html]
[demo.bootstrapdash.com/majestic-free/template/pages/samples/login.html]
[demo.bootstrapdash.com/majestic-free/template/pages/samples/login-2.html]
[demo.bootstrapdash.com/majestic-free/template/pages/samples/register.html]
[demo.bootstrapdash.com/majestic-free/template/pages/samples/register-2.html]
[demo.bootstrapdash.com/majestic-free/template/images/faces/face13.jpg]
[demo.bootstrapdash.com/majestic-free/template/pages/samples/lock-screen.html]
[demo.bootstrapdash.com/majestic-free/template/documentation/documentation.html]
[demo.bootstrapdash.com/majestic-free/template/js/documentation.js]
